[      95ms] ReferenceError: jQuery is not defined
    at https://cdnjs.cloudflare.com/ajax/libs/jquery-validate/1.21.0/jquery.validate.min.js:4:151
    at https://cdnjs.cloudflare.com/ajax/libs/jquery-validate/1.21.0/jquery.validate.min.js:4:159
[     104ms] [ERROR] Failed to find a valid digest in the 'integrity' attribute for resource 'http://localhost:5110/Identity/lib/jquery-validation/dist/jquery.validate.min.js' with computed SHA-512 integrity 'z4PhNX7vuL3xVChQ1m2AB9Yg5AULVxXcg/SpIdNs6c5H0NE8XYXysP+DGNKHfuwvY7kxvUdBeoGlODJ6+SfaPg=='. The resource has been blocked. @ http://localhost:5110/Identity/Account/Login:0
[     109ms] ReferenceError: jQuery is not defined
    at https://cdnjs.cloudflare.com/ajax/libs/jquery-validation-unobtrusive/4.0.0/jquery.validate.unobtrusive.min.js:8:201
    at https://cdnjs.cloudflare.com/ajax/libs/jquery-validation-unobtrusive/4.0.0/jquery.validate.unobtrusive.min.js:8:240
[     114ms] [ERROR] Failed to find a valid digest in the 'integrity' attribute for resource 'http://localhost:5110/Identity/lib/jquery-validation-unobtrusive/dist/jquery.validate.unobtrusive.min.js' with computed SHA-384 integrity 'OLBgp1GsljhM2TJ+sbHjaiH9txEUvgdDTAzHv2P24donTt6/529l+9Ua0vFImLlb'. The resource has been blocked. @ http://localhost:5110/Identity/Account/Login:0
[   15896ms] ReferenceError: jQuery is not defined
    at https://cdnjs.cloudflare.com/ajax/libs/jquery-validate/1.21.0/jquery.validate.min.js:4:151
    at https://cdnjs.cloudflare.com/ajax/libs/jquery-validate/1.21.0/jquery.validate.min.js:4:159
[   15896ms] [ERROR] Failed to find a valid digest in the 'integrity' attribute for resource 'http://localhost:5110/Identity/lib/jquery-validation/dist/jquery.validate.min.js' with computed SHA-512 integrity 'z4PhNX7vuL3xVChQ1m2AB9Yg5AULVxXcg/SpIdNs6c5H0NE8XYXysP+DGNKHfuwvY7kxvUdBeoGlODJ6+SfaPg=='. The resource has been blocked. @ http://localhost:5110/Identity/Account/Login?ReturnUrl=%2FSolicitudes:0
[   15906ms] ReferenceError: jQuery is not defined
    at https://cdnjs.cloudflare.com/ajax/libs/jquery-validation-unobtrusive/4.0.0/jquery.validate.unobtrusive.min.js:8:201
    at https://cdnjs.cloudflare.com/ajax/libs/jquery-validation-unobtrusive/4.0.0/jquery.validate.unobtrusive.min.js:8:240
[   15910ms] [ERROR] Failed to find a valid digest in the 'integrity' attribute for resource 'http://localhost:5110/Identity/lib/jquery-validation-unobtrusive/dist/jquery.validate.unobtrusive.min.js' with computed SHA-384 integrity 'OLBgp1GsljhM2TJ+sbHjaiH9txEUvgdDTAzHv2P24donTt6/529l+9Ua0vFImLlb'. The resource has been blocked. @ http://localhost:5110/Identity/Account/Login?ReturnUrl=%2FSolicitudes:0
[   17030ms] ReferenceError: jQuery is not defined
    at https://cdnjs.cloudflare.com/ajax/libs/jquery-validate/1.21.0/jquery.validate.min.js:4:151
    at https://cdnjs.cloudflare.com/ajax/libs/jquery-validate/1.21.0/jquery.validate.min.js:4:159
[   17042ms] [ERROR] Failed to find a valid digest in the 'integrity' attribute for resource 'http://localhost:5110/Identity/lib/jquery-validation/dist/jquery.validate.min.js' with computed SHA-512 integrity 'z4PhNX7vuL3xVChQ1m2AB9Yg5AULVxXcg/SpIdNs6c5H0NE8XYXysP+DGNKHfuwvY7kxvUdBeoGlODJ6+SfaPg=='. The resource has been blocked. @ http://localhost:5110/Identity/Account/Login?ReturnUrl=%2FSolicitudes%2FCreate:0
[   17045ms] ReferenceError: jQuery is not defined
    at https://cdnjs.cloudflare.com/ajax/libs/jquery-validation-unobtrusive/4.0.0/jquery.validate.unobtrusive.min.js:8:201
    at https://cdnjs.cloudflare.com/ajax/libs/jquery-validation-unobtrusive/4.0.0/jquery.validate.unobtrusive.min.js:8:240
[   17060ms] [ERROR] Failed to find a valid digest in the 'integrity' attribute for resource 'http://localhost:5110/Identity/lib/jquery-validation-unobtrusive/dist/jquery.validate.unobtrusive.min.js' with computed SHA-384 integrity 'OLBgp1GsljhM2TJ+sbHjaiH9txEUvgdDTAzHv2P24donTt6/529l+9Ua0vFImLlb'. The resource has been blocked. @ http://localhost:5110/Identity/Account/Login?ReturnUrl=%2FSolicitudes%2FCreate:0
[   17864ms] ReferenceError: jQuery is not defined
    at https://cdnjs.cloudflare.com/ajax/libs/jquery-validate/1.21.0/jquery.validate.min.js:4:151
    at https://cdnjs.cloudflare.com/ajax/libs/jquery-validate/1.21.0/jquery.validate.min.js:4:159
[   17861ms] [ERROR] Failed to find a valid digest in the 'integrity' attribute for resource 'http://localhost:5110/Identity/lib/jquery-validation/dist/jquery.validate.min.js' with computed SHA-512 integrity 'z4PhNX7vuL3xVChQ1m2AB9Yg5AULVxXcg/SpIdNs6c5H0NE8XYXysP+DGNKHfuwvY7kxvUdBeoGlODJ6+SfaPg=='. The resource has been blocked. @ http://localhost:5110/Identity/Account/Login?ReturnUrl=%2FNotificaciones:0
[   17881ms] ReferenceError: jQuery is not defined
    at https://cdnjs.cloudflare.com/ajax/libs/jquery-validation-unobtrusive/4.0.0/jquery.validate.unobtrusive.min.js:8:201
    at https://cdnjs.cloudflare.com/ajax/libs/jquery-validation-unobtrusive/4.0.0/jquery.validate.unobtrusive.min.js:8:240
[   17890ms] [ERROR] Failed to find a valid digest in the 'integrity' attribute for resource 'http://localhost:5110/Identity/lib/jquery-validation-unobtrusive/dist/jquery.validate.unobtrusive.min.js' with computed SHA-384 integrity 'OLBgp1GsljhM2TJ+sbHjaiH9txEUvgdDTAzHv2P24donTt6/529l+9Ua0vFImLlb'. The resource has been blocked. @ http://localhost:5110/Identity/Account/Login?ReturnUrl=%2FNotificaciones:0
[   19866ms] ReferenceError: jQuery is not defined
    at https://cdnjs.cloudflare.com/ajax/libs/jquery-validate/1.21.0/jquery.validate.min.js:4:151
    at https://cdnjs.cloudflare.com/ajax/libs/jquery-validate/1.21.0/jquery.validate.min.js:4:159
[   19862ms] [ERROR] Failed to find a valid digest in the 'integrity' attribute for resource 'http://localhost:5110/Identity/lib/jquery-validation/dist/jquery.validate.min.js' with computed SHA-512 integrity 'z4PhNX7vuL3xVChQ1m2AB9Yg5AULVxXcg/SpIdNs6c5H0NE8XYXysP+DGNKHfuwvY7kxvUdBeoGlODJ6+SfaPg=='. The resource has been blocked. @ http://localhost:5110/Identity/Account/Register:0
[   19870ms] ReferenceError: jQuery is not defined
    at https://cdnjs.cloudflare.com/ajax/libs/jquery-validation-unobtrusive/4.0.0/jquery.validate.unobtrusive.min.js:8:201
    at https://cdnjs.cloudflare.com/ajax/libs/jquery-validation-unobtrusive/4.0.0/jquery.validate.unobtrusive.min.js:8:240
[   19879ms] [ERROR] Failed to find a valid digest in the 'integrity' attribute for resource 'http://localhost:5110/Identity/lib/jquery-validation-unobtrusive/dist/jquery.validate.unobtrusive.min.js' with computed SHA-384 integrity 'OLBgp1GsljhM2TJ+sbHjaiH9txEUvgdDTAzHv2P24donTt6/529l+9Ua0vFImLlb'. The resource has been blocked. @ http://localhost:5110/Identity/Account/Register:0
[   20571ms] ReferenceError: jQuery is not defined
    at https://cdnjs.cloudflare.com/ajax/libs/jquery-validate/1.21.0/jquery.validate.min.js:4:151
    at https://cdnjs.cloudflare.com/ajax/libs/jquery-validate/1.21.0/jquery.validate.min.js:4:159
[   20568ms] [ERROR] Failed to find a valid digest in the 'integrity' attribute for resource 'http://localhost:5110/Identity/lib/jquery-validation/dist/jquery.validate.min.js' with computed SHA-512 integrity 'z4PhNX7vuL3xVChQ1m2AB9Yg5AULVxXcg/SpIdNs6c5H0NE8XYXysP+DGNKHfuwvY7kxvUdBeoGlODJ6+SfaPg=='. The resource has been blocked. @ http://localhost:5110/Identity/Account/Login:0
[   20574ms] ReferenceError: jQuery is not defined
    at https://cdnjs.cloudflare.com/ajax/libs/jquery-validation-unobtrusive/4.0.0/jquery.validate.unobtrusive.min.js:8:201
    at https://cdnjs.cloudflare.com/ajax/libs/jquery-validation-unobtrusive/4.0.0/jquery.validate.unobtrusive.min.js:8:240
[   20582ms] [ERROR] Failed to find a valid digest in the 'integrity' attribute for resource 'http://localhost:5110/Identity/lib/jquery-validation-unobtrusive/dist/jquery.validate.unobtrusive.min.js' with computed SHA-384 integrity 'OLBgp1GsljhM2TJ+sbHjaiH9txEUvgdDTAzHv2P24donTt6/529l+9Ua0vFImLlb'. The resource has been blocked. @ http://localhost:5110/Identity/Account/Login:0
[   21479ms] ReferenceError: jQuery is not defined
    at https://cdnjs.cloudflare.com/ajax/libs/jquery-validate/1.21.0/jquery.validate.min.js:4:151
    at https://cdnjs.cloudflare.com/ajax/libs/jquery-validate/1.21.0/jquery.validate.min.js:4:159
[   21475ms] [ERROR] Failed to find a valid digest in the 'integrity' attribute for resource 'http://localhost:5110/Identity/lib/jquery-validation/dist/jquery.validate.min.js' with computed SHA-512 integrity 'z4PhNX7vuL3xVChQ1m2AB9Yg5AULVxXcg/SpIdNs6c5H0NE8XYXysP+DGNKHfuwvY7kxvUdBeoGlODJ6+SfaPg=='. The resource has been blocked. @ http://localhost:5110/Identity/Account/Login?ReturnUrl=%2FSolicitudes%2FCreate:0
[   21484ms] ReferenceError: jQuery is not defined
    at https://cdnjs.cloudflare.com/ajax/libs/jquery-validation-unobtrusive/4.0.0/jquery.validate.unobtrusive.min.js:8:201
    at https://cdnjs.cloudflare.com/ajax/libs/jquery-validation-unobtrusive/4.0.0/jquery.validate.unobtrusive.min.js:8:240
[   21490ms] [ERROR] Failed to find a valid digest in the 'integrity' attribute for resource 'http://localhost:5110/Identity/lib/jquery-validation-unobtrusive/dist/jquery.validate.unobtrusive.min.js' with computed SHA-384 integrity 'OLBgp1GsljhM2TJ+sbHjaiH9txEUvgdDTAzHv2P24donTt6/529l+9Ua0vFImLlb'. The resource has been blocked. @ http://localhost:5110/Identity/Account/Login?ReturnUrl=%2FSolicitudes%2FCreate:0
[   22165ms] ReferenceError: jQuery is not defined
    at https://cdnjs.cloudflare.com/ajax/libs/jquery-validate/1.21.0/jquery.validate.min.js:4:151
    at https://cdnjs.cloudflare.com/ajax/libs/jquery-validate/1.21.0/jquery.validate.min.js:4:159
[   22162ms] [ERROR] Failed to find a valid digest in the 'integrity' attribute for resource 'http://localhost:5110/Identity/lib/jquery-validation/dist/jquery.validate.min.js' with computed SHA-512 integrity 'z4PhNX7vuL3xVChQ1m2AB9Yg5AULVxXcg/SpIdNs6c5H0NE8XYXysP+DGNKHfuwvY7kxvUdBeoGlODJ6+SfaPg=='. The resource has been blocked. @ http://localhost:5110/Identity/Account/Login?ReturnUrl=%2FNotificaciones:0
[   22174ms] ReferenceError: jQuery is not defined
    at https://cdnjs.cloudflare.com/ajax/libs/jquery-validation-unobtrusive/4.0.0/jquery.validate.unobtrusive.min.js:8:201
    at https://cdnjs.cloudflare.com/ajax/libs/jquery-validation-unobtrusive/4.0.0/jquery.validate.unobtrusive.min.js:8:240
[   22186ms] [ERROR] Failed to find a valid digest in the 'integrity' attribute for resource 'http://localhost:5110/Identity/lib/jquery-validation-unobtrusive/dist/jquery.validate.unobtrusive.min.js' with computed SHA-384 integrity 'OLBgp1GsljhM2TJ+sbHjaiH9txEUvgdDTAzHv2P24donTt6/529l+9Ua0vFImLlb'. The resource has been blocked. @ http://localhost:5110/Identity/Account/Login?ReturnUrl=%2FNotificaciones:0
[   23487ms] ReferenceError: jQuery is not defined
    at https://cdnjs.cloudflare.com/ajax/libs/jquery-validate/1.21.0/jquery.validate.min.js:4:151
    at https://cdnjs.cloudflare.com/ajax/libs/jquery-validate/1.21.0/jquery.validate.min.js:4:159
[   23498ms] [ERROR] Failed to find a valid digest in the 'integrity' attribute for resource 'http://localhost:5110/Identity/lib/jquery-validation/dist/jquery.validate.min.js' with computed SHA-512 integrity 'z4PhNX7vuL3xVChQ1m2AB9Yg5AULVxXcg/SpIdNs6c5H0NE8XYXysP+DGNKHfuwvY7kxvUdBeoGlODJ6+SfaPg=='. The resource has been blocked. @ http://localhost:5110/Identity/Account/Login?ReturnUrl=%2FSolicitudes:0
[   23501ms] ReferenceError: jQuery is not defined
    at https://cdnjs.cloudflare.com/ajax/libs/jquery-validation-unobtrusive/4.0.0/jquery.validate.unobtrusive.min.js:8:201
    at https://cdnjs.cloudflare.com/ajax/libs/jquery-validation-unobtrusive/4.0.0/jquery.validate.unobtrusive.min.js:8:240
[   23514ms] [ERROR] Failed to find a valid digest in the 'integrity' attribute for resource 'http://localhost:5110/Identity/lib/jquery-validation-unobtrusive/dist/jquery.validate.unobtrusive.min.js' with computed SHA-384 integrity 'OLBgp1GsljhM2TJ+sbHjaiH9txEUvgdDTAzHv2P24donTt6/529l+9Ua0vFImLlb'. The resource has been blocked. @ http://localhost:5110/Identity/Account/Login?ReturnUrl=%2FSolicitudes:0
